10:31:25 frame=(480, 640, 3)
10:31:37 frame=(480, 640, 3)
10:31:43 frame=(480, 640, 3)
10:31:49 frame=(480, 640, 3)
10:31:56 frame=(480, 640, 3)
10:32:03 frame=(480, 640, 3)
10:32:10 frame=(480, 640, 3)
10:32:16 frame=(480, 640, 3)
10:32:22 frame=(480, 640, 3)
10:32:29 frame=(480, 640, 3)
10:32:35 frame=(480, 640, 3)
10:32:41 frame=(480, 640, 3)
10:32:48 frame=(480, 640, 3)
10:32:54 frame=(480, 640, 3)
10:33:00 frame=(480, 640, 3)
10:33:06 frame=(480, 640, 3)
10:33:13 frame=(480, 640, 3)
10:33:19 frame=(480, 640, 3)
10:33:25 frame=(480, 640, 3)
10:33:32 frame=(480, 640, 3)
10:33:38 frame=(480, 640, 3)
10:33:44 frame=(480, 640, 3)
10:33:51 frame=(480, 640, 3)
10:33:57 frame=(480, 640, 3)
10:34:03 frame=(480, 640, 3)
10:34:10 frame=(480, 640, 3)
10:34:17 frame=(480, 640, 3)
10:34:23 frame=(480, 640, 3)
10:34:29 frame=(480, 640, 3)
10:34:36 frame=(480, 640, 3)
10:34:42 frame=(480, 640, 3)
10:34:48 frame=(480, 640, 3)
10:34:54 frame=(480, 640, 3)
10:35:01 frame=(480, 640, 3)
10:35:08 frame=(480, 640, 3)
10:35:14 frame=(480, 640, 3)
10:35:20 frame=(480, 640, 3)
10:35:28 frame=(480, 640, 3)
10:35:34 frame=(480, 640, 3)
10:35:40 frame=(480, 640, 3)
10:35:47 frame=(480, 640, 3)
10:35:53 frame=(480, 640, 3)
10:35:59 frame=(480, 640, 3)
10:36:06 frame=(480, 640, 3)
10:36:13 frame=(480, 640, 3)
10:36:21 frame=(480, 640, 3)
10:36:28 frame=(480, 640, 3)
10:36:38 frame=(480, 640, 3)
10:36:45 frame=(480, 640, 3)
10:36:51 frame=(480, 640, 3)
10:36:58 frame=(480, 640, 3)
