10:31:25 frame=(1080, 1920, 3)
10:31:38 frame=(1080, 1920, 3)
10:31:47 frame=(1080, 1920, 3)
10:31:56 frame=(1080, 1920, 3)
10:32:05 frame=(1080, 1920, 3)
10:32:14 frame=(1080, 1920, 3)
10:32:23 frame=(1080, 1920, 3)
10:32:31 frame=(1080, 1920, 3)
10:32:40 frame=(1080, 1920, 3)
10:32:48 frame=(1080, 1920, 3)
10:32:57 frame=(1080, 1920, 3)
10:33:06 frame=(1080, 1920, 3)
10:33:15 frame=(1080, 1920, 3)
10:33:24 frame=(1080, 1920, 3)
10:33:33 frame=(1080, 1920, 3)
10:33:42 frame=(1080, 1920, 3)
10:33:51 frame=(1080, 1920, 3)
10:34:01 frame=(1080, 1920, 3)
10:34:10 frame=(1080, 1920, 3)
10:34:19 frame=(1080, 1920, 3)
10:34:27 frame=(1080, 1920, 3)
10:34:37 frame=(1080, 1920, 3)
10:34:45 frame=(1080, 1920, 3)
10:34:54 frame=(1080, 1920, 3)
10:35:03 frame=(1080, 1920, 3)
10:35:12 frame=(1080, 1920, 3)
10:35:21 frame=(1080, 1920, 3)
10:35:30 frame=(1080, 1920, 3)
10:35:38 frame=(1080, 1920, 3)
10:35:47 frame=(1080, 1920, 3)
10:35:56 frame=(1080, 1920, 3)
10:36:05 frame=(1080, 1920, 3)
10:36:15 frame=(1080, 1920, 3)
10:36:27 frame=(1080, 1920, 3)
10:36:40 frame=(1080, 1920, 3)
10:36:50 frame=(1080, 1920, 3)
10:36:59 frame=(1080, 1920, 3)
