10:31:25 "EZVIZ" conf=0.65 plate=None
10:31:25 "05-24-2026" conf=1.00 plate=None
10:31:25 "10:31 20" conf=0.54 plate=None
10:31:38 "EZVIZ" conf=0.95 plate=None
10:31:38 "05-24-2026" conf=1.00 plate=None
10:31:38 "10:31" conf=1.00 plate=None
10:31:38 "30" conf=1.00 plate=None
10:31:47 "EZVIZ" conf=0.96 plate=None
10:31:47 "05-24-2026" conf=1.00 plate=None
10:31:47 "10:31" conf=1.00 plate=None
10:31:47 "36" conf=1.00 plate=None
10:31:56 "EZVIZ" conf=0.88 plate=None
10:31:56 "05-24-2026" conf=1.00 plate=None
10:31:56 "10:31" conf=1.00 plate=None
10:31:56 "43" conf=1.00 plate=None
10:32:05 "EZVIZ" conf=0.83 plate=None
10:32:05 "05-24-2026" conf=1.00 plate=None
10:32:05 "10:31.50" conf=0.73 plate=None
10:32:14 "EZVIZ" conf=0.76 plate=None
10:32:14 "05-24-2026" conf=1.00 plate=None
10:32:14 "10:31" conf=1.00 plate=None
10:32:14 "56" conf=1.00 plate=None
10:32:23 "EZVIZ" conf=0.94 plate=None
10:32:23 "05-24-2026" conf=1.00 plate=None
10:32:23 "10:32:03" conf=0.65 plate=None
10:32:31 "EZVIZ" conf=0.98 plate=None
10:32:31 "05-24-2026" conf=1.00 plate=None
10:32:31 "10 :32:25" conf=0.48 plate=None
10:32:40 "EZVIZ" conf=0.93 plate=None
10:32:40 "05-24-2026" conf=1.00 plate=None
10:32:40 "10:32.31" conf=0.64 plate=None
10:32:48 "EZVIZ" conf=0.95 plate=None
10:32:48 "05-24-2026" conf=1.00 plate=None
10:32:48 "10:32" conf=0.78 plate=None
10:32:48 "38" conf=1.00 plate=None
10:32:57 "EZVIZ" conf=0.93 plate=None
10:32:57 "05-24-2026" conf=1.00 plate=None
10:32:57 "10:32" conf=0.73 plate=None
10:32:57 "44" conf=0.58 plate=None
10:33:06 "EZVIZ" conf=0.92 plate=None
10:33:06 "4 0" conf=0.49 plate=None
10:33:06 "PDF" conf=0.95 plate=None
10:33:06 "B" conf=1.00 plate=None
10:33:06 "05" conf=1.00 plate=None
10:33:06 "26" conf=1.00 plate=None
10:33:06 "Netmarble Gol Kingsroad" conf=0.58 plate=None
10:33:06 "05-24-2026" conf=1.00 plate=None
10:33:06 "10 :32 50" conf=0.71 plate=None
10:33:15 "EZVIZ" conf=0.95 plate=None
10:33:15 "PDF" conf=0.77 plate=None
10:33:15 "B" conf=0.91 plate=None
10:33:15 "05" conf=1.00 plate=None
10:33:15 "26" conf=1.00 plate=None
10:33:15 "GoT Kingsroad" conf=0.66 plate=None
10:33:15 "05-24-2026" conf=1.00 plate=None
10:33:15 "10:32" conf=0.75 plate=None
10:33:15 "57" conf=1.00 plate=None
10:33:24 "EZVIZ" conf=0.95 plate=None
10:33:24 "05" conf=1.00 plate=None
10:33:24 "26" conf=1.00 plate=None
10:33:24 "TERFOFULEA" conf=0.58 plate=None
10:33:24 "Gol" conf=0.52 plate=None
10:33:24 "05-24-Z02" conf=0.69 plate=None
10:33:24 "10:33:03" conf=0.73 plate=None
10:33:33 "PDF" conf=0.68 plate=None
10:33:33 "EZVIZ" conf=0.99 plate=None
10:33:33 "05" conf=1.00 plate=None
10:33:33 "26" conf=1.00 plate=None
10:33:33 "05-24-2026" conf=0.98 plate=None
10:33:33 "0:33:27" conf=1.00 plate=None
10:33:42 "EZVIZ" conf=0.88 plate=None
10:33:42 "PDF" conf=0.65 plate=None
10:33:42 "B" conf=0.82 plate=None
10:33:42 "1001" conf=1.00 plate=None
10:33:42 "ZZZ" conf=0.98 plate=None
10:33:42 "05" conf=1.00 plate=None
10:33:42 "26" conf=1.00 plate=None
10:33:42 ""elmartile GoT Kngsroad" conf=0.58 plate=None
10:33:42 "05-24-2026" conf=1.00 plate=None
10:33:42 "10:33:33" conf=0.73 plate=None
10:33:51 "EZVIZ" conf=0.96 plate=None
10:33:51 "PDF" conf=0.89 plate=None
10:33:51 "05 . 26" conf=0.99 plate=None
10:33:51 "05-24-2026" conf=1.00 plate=None
10:33:51 "10:33" conf=0.97 plate=None
10:33:51 "40" conf=1.00 plate=None
10:34:01 "EZVIZ" conf=0.91 plate=None
10:34:01 "05-24-2026" conf=1.00 plate=None
10:34:01 "10:33 47" conf=0.68 plate=None
10:34:10 "EZVIZ" conf=0.93 plate=None
10:34:10 "05-24-2026" conf=1.00 plate=None
10:34:10 "10:33.54" conf=0.95 plate=None
10:34:19 "EZVIZ" conf=0.95 plate=None
10:34:19 "05-24-2026" conf=1.00 plate=None
10:34:19 "10:34" conf=1.00 plate=None
10:34:27 "EZVIZ" conf=0.92 plate=None
10:34:27 "05-24-2026" conf=1.00 plate=None
10:34:27 "10:34.07" conf=0.62 plate=None
10:34:37 "EZVIZ" conf=0.93 plate=None
10:34:37 "05-24-2026" conf=1.00 plate=None
10:34:37 "10:34" conf=1.00 plate=None
10:34:37 "30" conf=1.00 plate=None
10:34:45 "EZVIZ" conf=0.89 plate=None
10:34:45 "05-24-2026" conf=1.00 plate=None
10:34:45 "10:34" conf=0.77 plate=None
10:34:45 "37" conf=1.00 plate=None
10:34:54 "EZVIZ" conf=0.94 plate=None
10:34:54 "05-24-2026" conf=1.00 plate=None
10:34:54 "10:34" conf=1.00 plate=None
10:34:54 "43" conf=1.00 plate=None
10:35:03 "EZVIZ" conf=0.92 plate=None
10:35:03 "05-24-2026" conf=1.00 plate=None
10:35:03 "10:34.50" conf=0.59 plate=None
10:35:12 "EZVIZ" conf=0.56 plate=None
10:35:12 "05-24-2026" conf=1.00 plate=None
10:35:12 "10:34" conf=1.00 plate=None
10:35:12 "56" conf=1.00 plate=None
10:35:21 "EZVIZ" conf=0.91 plate=None
10:35:21 "05-24-2026" conf=1.00 plate=None
10:35:21 "10:35 03" conf=0.57 plate=None
10:35:30 "EZVIZ" conf=0.96 plate=None
10:35:30 "05-24-2026" conf=1.00 plate=None
10:35:30 "10:35/.10" conf=0.51 plate=None
10:35:38 "EZVIZ" conf=0.94 plate=None
10:35:38 "05-24-2026" conf=1.00 plate=None
10:35:38 "10:35.33" conf=0.47 plate=None
10:35:47 "EZVIZ" conf=0.94 plate=None
10:35:47 "05-24-2026" conf=1.00 plate=None
10:35:47 "10:35/.40" conf=0.59 plate=None
10:35:56 "EZVIZ" conf=0.93 plate=None
10:35:56 "05-24-2026" conf=1.00 plate=None
10:35:56 "10:35/.46" conf=0.52 plate=None
10:36:05 "EZVIZ" conf=0.88 plate=None
10:36:05 "05-24-2026" conf=1.00 plate=None
10:36:05 "10:35/53" conf=0.66 plate=None
10:36:15 "EZVIZ" conf=0.86 plate=None
10:36:15 "05" conf=1.00 plate=None
10:36:15 "4-Z02" conf=0.44 plate=None
10:36:15 "10:35/59" conf=0.72 plate=None
10:36:27 "EZVIZ" conf=0.93 plate=None
10:36:27 "5-24-2026" conf=1.00 plate=None
10:36:27 "10:36/:08" conf=0.69 plate=None
10:36:40 "EZVIZ" conf=0.96 plate=None
10:36:40 "05-24-2026" conf=0.83 plate=None
10:36:40 "10:36:14" conf=1.00 plate=None
10:36:50 "EZVIZ" conf=0.88 plate=None
10:36:50 "05-24-2026" conf=1.00 plate=None
10:37:12 "EZVIZ" conf=0.95 plate=None
10:37:12 "05-24-2026" conf=1.00 plate=None
10:37:12 "10:37 06" conf=0.84 plate=None
10:37:25 "EZVIZ" conf=0.95 plate=None
10:37:25 "05-24-2026" conf=1.00 plate=None
10:37:25 "10:3" conf=1.00 plate=None
10:37:25 "16" conf=1.00 plate=None
10:37:33 "EZVIZ" conf=0.94 plate=None
10:37:33 "05-24-2026" conf=1.00 plate=None
10:37:33 "10:37" conf=0.99 plate=None
10:37:33 "22" conf=0.51 plate=None
10:37:42 "EZVIZ" conf=0.89 plate=None
10:37:42 "05-24-2026" conf=1.00 plate=None
10:37:42 "10:37" conf=1.00 plate=None
10:37:42 "2" conf=0.56 plate=None
10:37:51 "EZVIZ" conf=0.92 plate=None
10:37:51 "05-24-2026" conf=1.00 plate=None
10:37:51 "10:37" conf=1.00 plate=None
10:37:51 "36" conf=1.00 plate=None
10:37:59 "EZVIZ" conf=0.93 plate=None
10:37:59 "05-24-2026" conf=1.00 plate=None
10:37:59 "10:37" conf=1.00 plate=None
10:37:59 "42" conf=1.00 plate=None
10:38:08 "EZVIZ" conf=0.96 plate=None
10:38:08 "05-24-2026" conf=1.00 plate=None
10:38:08 "10:37" conf=1.00 plate=None
10:38:08 "49" conf=1.00 plate=None
10:38:17 "EZVIZ" conf=0.55 plate=None
10:38:17 "05-24-2026" conf=1.00 plate=None
10:38:17 "10:38/.11" conf=0.54 plate=None
10:38:25 "EZVIZ" conf=0.94 plate=None
10:38:25 "05-24-2026" conf=1.00 plate=None
10:38:25 "10:38/:17" conf=0.40 plate=None
10:38:34 "EZVIZ" conf=0.94 plate=None
10:38:34 "05-24-2026" conf=1.00 plate=None
10:38:34 "10 :38/.24" conf=0.46 plate=None
10:38:43 "EZVIZ" conf=0.91 plate=None
10:38:43 "05-24-2026" conf=1.00 plate=None
10:38:43 "10:38/.30" conf=0.74 plate=None
10:38:51 "EZVIZ" conf=0.94 plate=None
10:38:51 "05-24-2026" conf=1.00 plate=None
10:38:51 "10:38/.37" conf=0.77 plate=None
10:39:00 "EZVIZ" conf=0.88 plate=None
10:39:00 "05-24-2026" conf=1.00 plate=None
10:39:00 "10 :38/.44" conf=0.70 plate=None
10:39:09 "EZVIZ" conf=0.94 plate=None
10:39:09 "05-24-2026" conf=1.00 plate=None
10:39:09 "10 :38.50" conf=0.72 plate=None
10:39:18 "EZVIZ" conf=0.95 plate=None
10:39:18 "05-24-2026" conf=1.00 plate=None
10:39:18 "10:39" conf=1.00 plate=None
10:39:18 "13" conf=1.00 plate=None
10:39:27 "EZVIZ" conf=0.94 plate=None
10:39:27 "05-24-2026" conf=1.00 plate=None
10:39:27 "10:39" conf=1.00 plate=None
10:39:27 "19" conf=0.57 plate=None
10:39:36 "EZVIZ" conf=0.62 plate=None
10:39:36 "05-24-2026" conf=1.00 plate=None
10:39:36 "10:39" conf=0.99 plate=None
10:39:36 "26" conf=1.00 plate=None
10:39:45 "EZVIZ" conf=0.95 plate=None
10:39:45 "05-24-2026" conf=1.00 plate=None
10:39:45 "10:39" conf=1.00 plate=None
10:39:45 "33" conf=1.00 plate=None
10:39:54 "EZVIZ" conf=0.96 plate=None
10:39:54 "05-24-2026" conf=1.00 plate=None
10:39:54 "10:39" conf=1.00 plate=None
10:39:54 "40" conf=1.00 plate=None
10:40:03 "EZVIZ" conf=0.94 plate=None
10:40:03 "05-24-2026" conf=1.00 plate=None
10:40:12 "EZVIZ" conf=0.95 plate=None
10:40:12 "05-24-2026" conf=1.00 plate=None
10:40:12 "10:39" conf=1.00 plate=None
10:40:12 "53" conf=1.00 plate=None
10:40:21 "EZVIZ" conf=0.94 plate=None
10:40:21 "05-24-2026" conf=1.00 plate=None
10:40:21 "10:40" conf=1.00 plate=None
10:40:21 "15" conf=1.00 plate=None
10:40:36 "EZVIZ" conf=0.95 plate=None
10:40:36 "05-24-2026" conf=1.00 plate=None
10:40:36 "10:40" conf=1.00 plate=None
10:40:36 "31" conf=1.00 plate=None
10:40:47 "EZVIZ" conf=0.94 plate=None
10:40:47 "05-24-2026" conf=1.00 plate=None
10:40:47 "10:40" conf=1.00 plate=None
10:40:47 "39" conf=1.00 plate=None
10:40:55 "EZVIZ" conf=0.97 plate=None
10:40:55 "05-24-2026" conf=1.00 plate=None
10:40:55 "10:40" conf=1.00 plate=None
10:40:55 "45" conf=1.00 plate=None
10:41:04 "EZVIZ" conf=0.96 plate=None
10:41:04 "05-24-2026" conf=1.00 plate=None
10:41:23 "EZVIZ" conf=0.67 plate=None
10:41:23 "05-24-2026" conf=1.00 plate=None
10:41:23 "10:41" conf=0.99 plate=None
10:41:23 "19" conf=1.00 plate=None
10:41:34 "EZVIZ" conf=0.94 plate=None
10:41:34 "05-24-2026" conf=1.00 plate=None
10:41:34 "10:41" conf=1.00 plate=None
10:41:34 "30" conf=1.00 plate=None
10:41:42 "EZVIZ" conf=0.87 plate=None
10:41:42 "05-24-2026" conf=1.00 plate=None
10:41:42 "10:41" conf=0.99 plate=None
10:41:42 "38" conf=1.00 plate=None
10:41:57 "EZVIZ" conf=0.93 plate=None
10:41:57 "05-24-2026" conf=1.00 plate=None
10:41:57 "10:41" conf=0.99 plate=None
10:41:57 "52" conf=0.96 plate=None
10:42:07 "EZVIZ" conf=0.95 plate=None
10:42:07 "05-24-2026" conf=1.00 plate=None
10:42:07 "10:42" conf=0.93 plate=None
10:42:07 "04" conf=1.00 plate=None
10:42:24 "EZVIZ" conf=0.87 plate=None
10:42:24 "05-24-2026" conf=1.00 plate=None
10:42:24 "10:42 20" conf=0.76 plate=None
10:42:35 "EZVIZ" conf=0.95 plate=None
10:42:35 "05-24-2026" conf=1.00 plate=None
10:42:35 "10:42" conf=0.90 plate=None
10:42:35 "31" conf=1.00 plate=None
10:42:43 "EZVIZ" conf=0.95 plate=None
10:42:43 "05-24-2026" conf=1.00 plate=None
10:42:43 "10:42" conf=0.93 plate=None
10:42:43 "40" conf=1.00 plate=None
10:42:52 "EZVIZ" conf=0.95 plate=None
10:42:52 "05-24-2026" conf=1.00 plate=None
10:42:52 "10:42" conf=0.88 plate=None
10:42:52 "48" conf=1.00 plate=None
10:44:12 "EZVIZ" conf=0.88 plate=None
10:44:12 "05-24-2026" conf=1.00 plate=None
10:44:12 "10:44:08" conf=0.63 plate=None
